Archive member included because of file (symbol)

/usr/lib/gcc/arm-none-eabi/4.9.3/libgcc.a(_udivsi3.o)
                              binaries/qsort.o (__aeabi_uidiv)
/usr/lib/gcc/arm-none-eabi/4.9.3/libgcc.a(_divsi3.o)
                              binaries/xsh_help.o (__aeabi_idiv)
/usr/lib/gcc/arm-none-eabi/4.9.3/libgcc.a(_dvmd_tls.o)
                              /usr/lib/gcc/arm-none-eabi/4.9.3/libgcc.a(_udivsi3.o) (__aeabi_idiv0)

Allocating common symbols
Common symbol       size              file

netbufpool          0x4               binaries/net.o
readylist           0x2               binaries/ready.o
rfltab              0x5a0             binaries/rflinit.o
sleepq              0x2               binaries/clkinit.o
n                   0x4               binaries/xsh_prodcons.o
intc_vector         0x200             binaries/evec.o
nnames              0x4               binaries/naminit.o
udptab              0x168             binaries/udp.o
minheap             0x4               binaries/meminit.o
marks               0x50              binaries/mark.o
currpid             0x4               binaries/initialize.o
Lf_data             0x20c             binaries/lfsinit.o
porttab             0x2d0             binaries/ptinit.o
ttytab              0x10c             binaries/ttyinit.o
proctab             0x15e0            binaries/initialize.o
eth_a_regs          0x1c              binaries/ethinit.o
prcount             0x4               binaries/initialize.o
lfltab              0xf00             binaries/lflinit.o
rdstab              0x8c              binaries/rdsinit.o
ethertab            0x138             binaries/ethinit.o
nsaddr              0x4               binaries/dns.o
NetData             0xa8              binaries/net.o
nmarks              0x4               binaries/mark.o
Defer               0x8               binaries/resched.o
semtab              0x4b0             binaries/initialize.o
maxheap             0x4               binaries/meminit.o
preempt             0x4               binaries/clkinit.o
buftab              0xf0              binaries/bufinit.o
Rf_data             0x18              binaries/rfsinit.o
mkmutex             0x4               binaries/mark.o
clktime             0x4               binaries/clkinit.o
cpudelay            0x4               binaries/main.o
arpcache            0x140             binaries/arp.o
icmptab             0x230             binaries/icmp.o
nbpools             0x4               binaries/bufinit.o
queuetab            0x980             binaries/queue.o
ptnextid            0x4               binaries/ptinit.o
Ram                 0x19000           binaries/raminit.o
ipoqueue            0x2c              binaries/ip.o
memlist             0x8               binaries/initialize.o
nametab             0x19a0            binaries/naminit.o
ptfree              0x4               binaries/ptinit.o

Memory Configuration

Name             Origin             Length             Attributes
*default*        0x0000000000000000 0xffffffffffffffff

Linker script and memory map

                0x0000000081000000                physbase = 0x81000000
                0x0000000081000000                . = physbase
                0x0000000081000000                . = ALIGN (0x1000)

.text           0x0000000081000000    0x17000
                0x0000000081000000                text = ABSOLUTE (.)
 *(.text .text.*)
 .text          0x0000000081000000       0x4c binaries/start.o
                0x0000000081000000                start
 .text          0x000000008100004c      0x370 binaries/ascdate.o
                0x000000008100004c                ascdate
 .text          0x00000000810003bc       0x18 binaries/bufinit.o
                0x00000000810003bc                bufinit
 .text          0x00000000810003d4       0x70 binaries/chprio.o
                0x00000000810003d4                chprio
 .text          0x0000000081000444       0xf0 binaries/clkhandler.o
                0x0000000081000444                clkhandler
 .text          0x0000000081000534       0xd4 binaries/clkinit.o
                0x0000000081000534                clkinit
 .text          0x0000000081000608       0x5c binaries/close.o
                0x0000000081000608                close
 .text          0x0000000081000664        0x0 binaries/conf.o
 .text          0x0000000081000664       0x70 binaries/control.o
                0x0000000081000664                control
 .text          0x00000000810006d4      0x2c0 binaries/create.o
                0x00000000810006d4                create
 .text          0x0000000081000994       0xb0 binaries/evec.o
                0x0000000081000994                initintc
                0x00000000810009c0                set_evec
                0x0000000081000a00                irq_dispatch
 .text          0x0000000081000a44       0x10 binaries/exit.o
                0x0000000081000a44                exit
 .text          0x0000000081000a54       0x84 binaries/freebuf.o
                0x0000000081000a54                freebuf
 .text          0x0000000081000ad8      0x150 binaries/freemem.o
                0x0000000081000ad8                freemem
 .text          0x0000000081000c28       0x40 binaries/future_alloc.o
                0x0000000081000c28                future_alloc
 .text          0x0000000081000c68       0x40 binaries/future_free.o
                0x0000000081000c68                future_free
 .text          0x0000000081000ca8      0x2c0 binaries/future_get.o
                0x0000000081000ca8                future_get
 .text          0x0000000081000f68      0x264 binaries/future_set.o
                0x0000000081000f68                future_set
 .text          0x00000000810011cc       0x7c binaries/getbuf.o
                0x00000000810011cc                getbuf
 .text          0x0000000081001248       0x5c binaries/getc.o
                0x0000000081001248                getc
 .text          0x00000000810012a4       0x68 binaries/getdev.o
                0x00000000810012a4                getdev
 .text          0x000000008100130c       0xa0 binaries/getitem.o
                0x000000008100130c                getitem
                0x000000008100133c                getfirst
                0x0000000081001370                getlast
 .text          0x00000000810013ac      0x108 binaries/getmem.o
                0x00000000810013ac                getmem
 .text          0x00000000810014b4       0x10 binaries/getpid.o
                0x00000000810014b4                getpid
 .text          0x00000000810014c4       0x5c binaries/getprio.o
                0x00000000810014c4                getprio
 .text          0x0000000081001520       0xd0 binaries/getstk.o
                0x0000000081001520                getstk
 .text          0x00000000810015f0       0x38 binaries/gettime.o
                0x00000000810015f0                gettime
 .text          0x0000000081001628      0x1c8 binaries/getutime.o
                0x0000000081001628                getutime
 .text          0x00000000810017f0       0x5c binaries/init.o
                0x00000000810017f0                init
 .text          0x000000008100184c      0x2f8 binaries/initialize.o
                0x000000008100184c                nulluser
                0x0000000081001ae4                stop
                0x0000000081001b08                delay
 .text          0x0000000081001b44       0xc0 binaries/insert.o
                0x0000000081001b44                insert
 .text          0x0000000081001c04      0x12c binaries/insertd.o
                0x0000000081001c04                insertd
 .text          0x0000000081001d30        0x8 binaries/ioerr.o
                0x0000000081001d30                ioerr
 .text          0x0000000081001d38        0x8 binaries/ionull.o
                0x0000000081001d38                ionull
 .text          0x0000000081001d40      0x190 binaries/kill.o
                0x0000000081001d40                kill
 .text          0x0000000081001ed0       0xb4 binaries/kprintf.o
                0x0000000081001ed0                kputc
                0x0000000081001f10                kgetc
                0x0000000081001f44                kprintf
 .text          0x0000000081001f84       0xf8 binaries/main.o
                0x0000000081001f84                counterproc
                0x0000000081001fc0                main
 .text          0x000000008100207c       0xd0 binaries/mark.o
                0x000000008100207c                markinit
                0x00000000810020a8                mark
 .text          0x000000008100214c       0x44 binaries/meminit.o
                0x000000008100214c                meminit
 .text          0x0000000081002190      0x138 binaries/mkbufpool.o
                0x0000000081002190                mkbufpool
 .text          0x00000000810022c8       0x88 binaries/newqueue.o
                0x00000000810022c8                newqueue
 .text          0x0000000081002350       0x68 binaries/open.o
                0x0000000081002350                open
 .text          0x00000000810023b8       0x20 binaries/panic.o
                0x00000000810023b8                panic
 .text          0x00000000810023d8       0x48 binaries/platinit.o
                0x00000000810023d8                platinit
 .text          0x0000000081002420       0xa8 binaries/ptclear.o
                0x0000000081002420                _ptclear
 .text          0x00000000810024c8       0x90 binaries/ptcount.o
                0x00000000810024c8                ptcount
 .text          0x0000000081002558      0x100 binaries/ptcreate.o
                0x0000000081002558                ptcreate
 .text          0x0000000081002658       0x70 binaries/ptdelete.o
                0x0000000081002658                ptdelete
 .text          0x00000000810026c8       0xbc binaries/ptinit.o
                0x00000000810026c8                ptinit
 .text          0x0000000081002784      0x144 binaries/ptrecv.o
                0x0000000081002784                ptrecv
 .text          0x00000000810028c8       0x6c binaries/ptreset.o
                0x00000000810028c8                ptreset
 .text          0x0000000081002934      0x15c binaries/ptsend.o
                0x0000000081002934                ptsend
 .text          0x0000000081002a90       0x64 binaries/putc.o
                0x0000000081002a90                putc
 .text          0x0000000081002af4       0xe0 binaries/queue.o
                0x0000000081002af4                enqueue
                0x0000000081002b78                dequeue
 .text          0x0000000081002bd4       0x68 binaries/read.o
                0x0000000081002bd4                read
 .text          0x0000000081002c3c       0x74 binaries/ready.o
                0x0000000081002c3c                ready
 .text          0x0000000081002cb0       0x84 binaries/receive.o
                0x0000000081002cb0                receive
 .text          0x0000000081002d34       0x64 binaries/recvclr.o
                0x0000000081002d34                recvclr
 .text          0x0000000081002d98       0xe0 binaries/recvtime.o
                0x0000000081002d98                recvtime
 .text          0x0000000081002e78      0x1d0 binaries/resched.o
                0x0000000081002e78                resched
                0x0000000081002f94                resched_cntl
 .text          0x0000000081003048       0x88 binaries/resume.o
                0x0000000081003048                resume
 .text          0x00000000810030d0       0x64 binaries/seek.o
                0x00000000810030d0                seek
 .text          0x0000000081003134       0x58 binaries/semcount.o
                0x0000000081003134                semcount
 .text          0x000000008100318c       0xb8 binaries/semcreate.o
                0x000000008100318c                semcreate
 .text          0x0000000081003244       0xc8 binaries/semdelete.o
                0x0000000081003244                semdelete
 .text          0x000000008100330c       0xb4 binaries/semreset.o
                0x000000008100330c                semreset
 .text          0x00000000810033c0       0xc8 binaries/send.o
                0x00000000810033c0                send
 .text          0x0000000081003488       0x98 binaries/signal.o
                0x0000000081003488                signal
 .text          0x0000000081003520       0xb8 binaries/signaln.o
                0x0000000081003520                signaln
 .text          0x00000000810035d8       0xd4 binaries/sleep.o
                0x00000000810035d8                sleepms
                0x0000000081003678                sleep
 .text          0x00000000810036ac       0xd0 binaries/suspend.o
                0x00000000810036ac                suspend
 .text          0x000000008100377c       0xa4 binaries/unsleep.o
                0x000000008100377c                unsleep
 .text          0x0000000081003820       0x10 binaries/userret.o
                0x0000000081003820                userret
 .text          0x0000000081003830       0xc4 binaries/wait.o
                0x0000000081003830                wait
 .text          0x00000000810038f4       0x90 binaries/wakeup.o
                0x00000000810038f4                wakeup
 .text          0x0000000081003984       0x68 binaries/write.o
                0x0000000081003984                write
 .text          0x00000000810039ec       0x18 binaries/xdone.o
                0x00000000810039ec                xdone
 .text          0x0000000081003a04       0x20 binaries/yield.o
                0x0000000081003a04                yield
 .text          0x0000000081003a24        0xc binaries/abs.o
                0x0000000081003a24                abs
 .text          0x0000000081003a30      0x130 binaries/atoi.o
                0x0000000081003a30                atoi
 .text          0x0000000081003b60      0x130 binaries/atol.o
                0x0000000081003b60                atol
 .text          0x0000000081003c90       0x20 binaries/bzero.o
                0x0000000081003c90                bzero
 .text          0x0000000081003cb0        0x0 binaries/ctype_.o
 .text          0x0000000081003cb0      0x968 binaries/doprnt.o
                0x0000000081003ea0                _doprnt
 .text          0x0000000081004618      0x728 binaries/doscan.o
                0x0000000081004618                _doscan
 .text          0x0000000081004d40      0x8c0 binaries/fdoprnt.o
                0x0000000081004df0                _fdoprnt
 .text          0x0000000081005600       0x14 binaries/fgetc.o
                0x0000000081005600                fgetc
 .text          0x0000000081005614       0x84 binaries/fgets.o
                0x0000000081005614                fgets
 .text          0x0000000081005698       0x3c binaries/fprintf.o
                0x0000000081005698                fprintf
 .text          0x00000000810056d4       0x24 binaries/fputc.o
                0x00000000810056d4                fputc
 .text          0x00000000810056f8       0x38 binaries/fputs.o
                0x00000000810056f8                fputs
 .text          0x0000000081005730       0x78 binaries/fscanf.o
                0x0000000081005764                fscanf
 .text          0x00000000810057a8       0x2c binaries/getchar.o
                0x00000000810057a8                getchar
 .text          0x00000000810057d4        0xc binaries/labs.o
                0x00000000810057d4                labs
 .text          0x00000000810057e0       0x40 binaries/memchr.o
                0x00000000810057e0                memchr
 .text          0x0000000081005820       0x58 binaries/memcmp.o
                0x0000000081005820                memcmp
 .text          0x0000000081005878       0x24 binaries/memcpy.o
                0x0000000081005878                memcpy
 .text          0x000000008100589c       0x20 binaries/memset.o
                0x000000008100589c                memset
 .text          0x00000000810058bc       0x58 binaries/printf.o
                0x00000000810058bc                printf
 .text          0x0000000081005914       0x2c binaries/putchar.o
                0x0000000081005914                putchar
 .text          0x0000000081005940      0x238 binaries/qsort.o
                0x0000000081005b58                qsort
 .text          0x0000000081005b78       0x38 binaries/rand.o
                0x0000000081005b78                srand
                0x0000000081005b88                rand
 .text          0x0000000081005bb0       0x68 binaries/sprintf.o
                0x0000000081005bc8                sprintf
 .text          0x0000000081005c18       0x78 binaries/sscanf.o
                0x0000000081005c4c                sscanf
 .text          0x0000000081005c90       0x40 binaries/strchr.o
                0x0000000081005c90                strchr
 .text          0x0000000081005cd0       0x54 binaries/strcmp.o
                0x0000000081005cd0                strcmp
 .text          0x0000000081005d24       0x1c binaries/strcpy.o
                0x0000000081005d24                strcpy
 .text          0x0000000081005d40       0x30 binaries/strlen.o
                0x0000000081005d40                strlen
 .text          0x0000000081005d70       0x50 binaries/strncat.o
                0x0000000081005d70                strncat
 .text          0x0000000081005dc0       0x50 binaries/strncmp.o
                0x0000000081005dc0                strncmp
 .text          0x0000000081005e10       0x80 binaries/strncpy.o
                0x0000000081005e10                strncpy
 .text          0x0000000081005e90       0x50 binaries/strnlen.o
                0x0000000081005e90                strnlen
 .text          0x0000000081005ee0       0x40 binaries/strrchr.o
                0x0000000081005ee0                strrchr
 .text          0x0000000081005f20       0xb0 binaries/strstr.o
                0x0000000081005f20                strstr
 .text          0x0000000081005fd0      0x154 binaries/ttycontrol.o
                0x0000000081005fd0                ttycontrol
 .text          0x0000000081006124       0xc8 binaries/ttygetc.o
                0x0000000081006124                ttygetc
 .text          0x00000000810061ec      0x4d4 binaries/ttyhandle_in.o
                0x00000000810062b8                ttyhandle_in
 .text          0x00000000810066c0      0x16c binaries/ttyhandle_out.o
                0x00000000810066c0                ttyhandle_out
 .text          0x000000008100682c       0xcc binaries/ttyhandler.o
                0x000000008100682c                ttyhandler
 .text          0x00000000810068f8      0x144 binaries/ttyinit.o
                0x00000000810068f8                ttyinit
 .text          0x0000000081006a3c        0xc binaries/ttykickout.o
                0x0000000081006a3c                ttykickout
 .text          0x0000000081006a48       0x9c binaries/ttyputc.o
                0x0000000081006a48                ttyputc
 .text          0x0000000081006ae4      0x134 binaries/ttyread.o
                0x0000000081006ae4                ttyread
 .text          0x0000000081006c18       0x48 binaries/ttywrite.o
                0x0000000081006c18                ttywrite
 .text          0x0000000081006c60      0x160 binaries/mount.o
                0x0000000081006c60                namlen
                0x0000000081006cb8                mount
 .text          0x0000000081006dc0      0x1c0 binaries/naminit.o
                0x0000000081006dc0                naminit
 .text          0x0000000081006f80      0x24c binaries/nammap.o
                0x0000000081006f80                namrepl
                0x00000000810070d0                namcpy
                0x000000008100712c                nammap
 .text          0x00000000810071cc       0x40 binaries/namopen.o
                0x00000000810071cc                namopen
 .text          0x000000008100720c      0x108 binaries/colon2mac.o
                0x000000008100720c                colon2mac
 .text          0x0000000081007314       0x44 binaries/ethcontrol.o
                0x0000000081007314                ethcontrol
 .text          0x0000000081007358      0x178 binaries/ethhandler.o
                0x0000000081007358                ethhandler
 .text          0x00000000810074d0      0x7f8 binaries/ethinit.o
                0x00000000810074d0                eth_phy_read
                0x0000000081007534                eth_phy_write
                0x000000008100757c                eth_phy_reset
                0x00000000810076dc                ethinit
 .text          0x0000000081007cc8       0xf8 binaries/ethread.o
                0x0000000081007cc8                ethread
 .text          0x0000000081007dc0       0xf8 binaries/ethwrite.o
                0x0000000081007dc0                ethwrite
 .text          0x0000000081007eb8       0x88 binaries/rdsbufalloc.o
                0x0000000081007eb8                rdsbufalloc
 .text          0x0000000081007f40       0xe8 binaries/rdsclose.o
                0x0000000081007f40                rdsclose
 .text          0x0000000081008028      0x1e8 binaries/rdscomm.o
                0x0000000081008028                rdscomm
 .text          0x0000000081008210      0x1b0 binaries/rdscontrol.o
                0x0000000081008210                rdscontrol
 .text          0x00000000810083c0      0x1e0 binaries/rdsinit.o
                0x00000000810083c0                rdsinit
 .text          0x00000000810085a0      0x1a0 binaries/rdsopen.o
                0x00000000810085a0                rdsopen
 .text          0x0000000081008740      0x2d4 binaries/rdsprocess.o
                0x0000000081008740                rdsprocess
 .text          0x0000000081008a14      0x240 binaries/rdsread.o
                0x0000000081008a14                rdsread
 .text          0x0000000081008c54      0x1d0 binaries/rdswrite.o
                0x0000000081008c54                rdswrite
 .text          0x0000000081008e24        0x8 binaries/ramclose.o
                0x0000000081008e24                ramclose
 .text          0x0000000081008e2c       0x3c binaries/raminit.o
                0x0000000081008e2c                raminit
 .text          0x0000000081008e68        0x8 binaries/ramopen.o
                0x0000000081008e68                ramopen
 .text          0x0000000081008e70       0x24 binaries/ramread.o
                0x0000000081008e70                ramread
 .text          0x0000000081008e94       0x20 binaries/ramwrite.o
                0x0000000081008e94                ramwrite
 .text          0x0000000081008eb4       0x94 binaries/lfdballoc.o
                0x0000000081008eb4                lfdballoc
 .text          0x0000000081008f48       0x4c binaries/lfdbfree.o
                0x0000000081008f48                lfdbfree
 .text          0x0000000081008f94       0xb8 binaries/lfflush.o
                0x0000000081008f94                lfflush
 .text          0x000000008100904c       0xc8 binaries/lfgetmode.o
                0x000000008100904c                lfgetmode
 .text          0x0000000081009114       0x6c binaries/lfiballoc.o
                0x0000000081009114                lfiballoc
 .text          0x0000000081009180       0x28 binaries/lfibclear.o
                0x0000000081009180                lfibclear
 .text          0x00000000810091a8       0x64 binaries/lfibget.o
                0x00000000810091a8                lfibget
 .text          0x000000008100920c       0x90 binaries/lfibput.o
                0x000000008100920c                lfibput
 .text          0x000000008100929c       0xc4 binaries/lflclose.o
                0x000000008100929c                lflclose
 .text          0x0000000081009360       0xc8 binaries/lflcontrol.o
                0x0000000081009360                lflcontrol
 .text          0x0000000081009428      0x10c binaries/lflgetc.o
                0x0000000081009428                lflgetc
 .text          0x0000000081009534       0xd0 binaries/lflinit.o
                0x0000000081009534                lflinit
 .text          0x0000000081009604      0x14c binaries/lflputc.o
                0x0000000081009604                lflputc
 .text          0x0000000081009750       0x70 binaries/lflread.o
                0x0000000081009750                lflread
 .text          0x00000000810097c0       0xc0 binaries/lflseek.o
                0x00000000810097c0                lflseek
 .text          0x0000000081009880       0x50 binaries/lflwrite.o
                0x0000000081009880                lflwrite
 .text          0x00000000810098d0      0x11c binaries/lfsckfmt.o
                0x00000000810098d0                lfsckfmt
 .text          0x00000000810099ec      0x15c binaries/lfscreate.o
                0x00000000810099ec                lfscreate
 .text          0x0000000081009b48      0x1f0 binaries/lfsetup.o
                0x0000000081009b48                lfsetup
 .text          0x0000000081009d38       0x44 binaries/lfsinit.o
                0x0000000081009d38                lfsinit
 .text          0x0000000081009d7c      0x378 binaries/lfsopen.o
                0x0000000081009d7c                lfsopen
 .text          0x000000008100a0f4      0x110 binaries/lftruncate.o
                0x000000008100a0f4                lftruncate
 .text          0x000000008100a204       0x7c binaries/rflclose.o
                0x000000008100a204                rflclose
 .text          0x000000008100a280       0x28 binaries/rflgetc.o
                0x000000008100a280                rflgetc
 .text          0x000000008100a2a8       0x88 binaries/rflinit.o
                0x000000008100a2a8                rflinit
 .text          0x000000008100a330       0x2c binaries/rflputc.o
                0x000000008100a330                rflputc
 .text          0x000000008100a35c      0x2c4 binaries/rflread.o
                0x000000008100a35c                rflread
 .text          0x000000008100a620       0x7c binaries/rflseek.o
                0x000000008100a620                rflseek
 .text          0x000000008100a69c      0x2e0 binaries/rflwrite.o
                0x000000008100a69c                rflwrite
 .text          0x000000008100a97c      0x198 binaries/rfscomm.o
                0x000000008100a97c                rfscomm
 .text          0x000000008100ab14      0x224 binaries/rfscontrol.o
                0x000000008100ab14                rfscontrol
 .text          0x000000008100ad38       0xc8 binaries/rfsgetmode.o
                0x000000008100ad38                rfsgetmode
 .text          0x000000008100ae00       0x84 binaries/rfsinit.o
                0x000000008100ae00                rfsinit
 .text          0x000000008100ae84       0x98 binaries/rfsndmsg.o
                0x000000008100ae84                rfsndmsg
 .text          0x000000008100af1c      0x238 binaries/rfsopen.o
                0x000000008100af1c                rfsopen
 .text          0x000000008100b154      0x780 binaries/arp.o
                0x000000008100b154                arp_init
                0x000000008100b174                arp_alloc
                0x000000008100b24c                arp_ntoh
                0x000000008100b2f0                arp_hton
                0x000000008100b394                arp_resolve
                0x000000008100b62c                arp_in
 .text          0x000000008100b8d4      0xd78 binaries/dhcp.o
                0x000000008100b8d4                dump_dhcp_msg
                0x000000008100bef8                get_dhcp_option_value
                0x000000008100bf54                build_dhcp_discover
                0x000000008100c080                build_dhcp_request
                0x000000008100c22c                getlocalip_boot
                0x000000008100c634                getlocalip
 .text          0x000000008100c64c      0x414 binaries/dns.o
                0x000000008100c64c                dns_bldq
                0x000000008100c6f8                dns_getrname
                0x000000008100c7bc                dns_geta
                0x000000008100c8ec                dns_qa
 .text          0x000000008100ca60      0x108 binaries/dot2ip.o
                0x000000008100ca60                dot2ip
 .text          0x000000008100cb68      0x328 binaries/hexdump.o
                0x000000008100cb68                hexdump
                0x000000008100ccb4                hexadump
 .text          0x000000008100ce90      0x71c binaries/icmp.o
                0x000000008100ce90                icmp_init
                0x000000008100ceb4                icmp_register
                0x000000008100cf74                icmp_recv
                0x000000008100d114                icmp_mkpkt
                0x000000008100d204                icmp_in
                0x000000008100d390                icmp_send
                0x000000008100d400                icmp_release
                0x000000008100d4e8                icmp_cksum
                0x000000008100d544                icmp_hton
                0x000000008100d578                icmp_ntoh
 .text          0x000000008100d5ac      0x688 binaries/ip.o
                0x000000008100d5ac                ip_local
                0x000000008100d5dc                ipcksum
                0x000000008100d620                ip_ntoh
                0x000000008100d6c4                ip_in
                0x000000008100d800                ip_hton
                0x000000008100d8a4                ip_out
                0x000000008100d958                ip_send
                0x000000008100da88                ipout
                0x000000008100db98                ip_enqueue
 .text          0x000000008100dc34      0x1c4 binaries/net.o
                0x000000008100dc34                net_init
                0x000000008100dd2c                eth_hton
                0x000000008100dd40                eth_ntoh
                0x000000008100dd54                netin
 .text          0x000000008100ddf8       0xa4 binaries/netstart.o
                0x000000008100ddf8                netstart
 .text          0x000000008100de9c      0x9dc binaries/pdump.o
                0x000000008100de9c                pdump
                0x000000008100e428                pdumph
 .text          0x000000008100e878      0x580 binaries/tftp.o
                0x000000008100e878                tftp_send1
                0x000000008100e964                tftpget_mb
                0x000000008100edc4                tftpget
 .text          0x000000008100edf8      0xa20 binaries/udp.o
                0x000000008100edf8                udp_init
                0x000000008100ee20                udp_in
                0x000000008100ef54                udp_register
                0x000000008100f058                udp_recv
                0x000000008100f1f4                udp_recvaddr
                0x000000008100f3ac                udp_send
                0x000000008100f554                udp_sendto
                0x000000008100f6c0                udp_release
                0x000000008100f7b0                udp_ntoh
                0x000000008100f7e4                udp_hton
 .text          0x000000008100f818      0x13c binaries/addargs.o
                0x000000008100f818                addargs
 .text          0x000000008100f954      0x28c binaries/lexan.o
                0x000000008100f954                lexan
 .text          0x000000008100fbe0      0x68c binaries/shell.o
                0x000000008100fbe0                shell
 .text          0x000000008101026c       0x64 binaries/xsh_argecho.o
                0x000000008101026c                xsh_argecho
 .text          0x00000000810102d0      0x1c8 binaries/xsh_arp.o
                0x00000000810102d0                xsh_arp
 .text          0x0000000081010498      0x234 binaries/xsh_cat.o
                0x0000000081010498                xsh_cat
 .text          0x00000000810106cc       0x5c binaries/xsh_clear.o
                0x00000000810106cc                xsh_clear
 .text          0x0000000081010728      0x29c binaries/xsh_date.o
                0x0000000081010728                xsh_date
 .text          0x00000000810109c4       0x98 binaries/xsh_devdump.o
                0x00000000810109c4                xsh_devdump
 .text          0x0000000081010a5c       0x68 binaries/xsh_echo.o
                0x0000000081010a5c                xsh_echo
 .text          0x0000000081010ac4        0x8 binaries/xsh_exit.o
                0x0000000081010ac4                xsh_exit
 .text          0x0000000081010acc       0x40 binaries/xsh_hello.o
                0x0000000081010acc                xsh_hello
 .text          0x0000000081010b0c      0x3b8 binaries/xsh_help.o
                0x0000000081010b0c                xsh_help
 .text          0x0000000081010ec4      0x354 binaries/xsh_ipaddr.o
                0x0000000081010ec4                xsh_ipaddr
 .text          0x0000000081011218      0x1fc binaries/xsh_kill.o
                0x0000000081011218                xsh_kill
 .text          0x0000000081011414      0x2ac binaries/xsh_led.o
                0x0000000081011414                xsh_led
 .text          0x00000000810116c0      0x434 binaries/xsh_memdump.o
                0x00000000810117b4                xsh_memdump
 .text          0x0000000081011af4      0x224 binaries/xsh_memstat.o
                0x0000000081011af4                xsh_memstat
 .text          0x0000000081011d18      0x3b8 binaries/xsh_ping.o
                0x0000000081011d18                xsh_ping
 .text          0x00000000810120d0      0x2f4 binaries/xsh_prodcons.o
                0x00000000810120d0                xsh_prodcons
 .text          0x00000000810123c4      0x220 binaries/xsh_ps.o
                0x00000000810123c4                xsh_ps
 .text          0x00000000810125e4       0x2c binaries/xsh_reset.o
                0x00000000810125e4                xsh_reset
 .text          0x0000000081012610      0x1d4 binaries/xsh_sleep.o
                0x0000000081012610                xsh_sleep
 .text          0x00000000810127e4      0x244 binaries/xsh_udpdump.o
                0x00000000810127e4                xsh_udpdump
 .text          0x0000000081012a28      0x3fc binaries/xsh_udpecho.o
                0x0000000081012a28                xsh_udpecho
 .text          0x0000000081012e24      0x250 binaries/xsh_udpeserver.o
                0x0000000081012e24                xsh_udpeserver
 .text          0x0000000081013074      0x1b4 binaries/xsh_uptime.o
                0x0000000081013074                xsh_uptime
 .text          0x0000000081013228       0x58 binaries/future_cons.o
                0x0000000081013228                future_cons
 .text          0x0000000081013280       0x3c binaries/future_prod.o
                0x0000000081013280                future_prod
 .text          0x00000000810132bc       0x2c binaries/ctxsw.o
                0x00000000810132bc                ctxsw
 .text          0x00000000810132e8      0x100 binaries/intr.o
                0x00000000810132e8                disable
                0x00000000810132f4                restore
                0x0000000081013318                enable
                0x0000000081013320                pause
                0x0000000081013320                halt
                0x0000000081013328                irq_except
                0x0000000081013358                initevec
                0x00000000810133b8                expjmpinstr
 .text          0x00000000810133e8      0x114 /usr/lib/gcc/arm-none-eabi/4.9.3/libgcc.a(_udivsi3.o)
                0x00000000810133e8                __udivsi3
                0x00000000810133e8                __aeabi_uidiv
                0x00000000810134dc                __aeabi_uidivmod
 .text          0x00000000810134fc      0x148 /usr/lib/gcc/arm-none-eabi/4.9.3/libgcc.a(_divsi3.o)
                0x00000000810134fc                __aeabi_idiv
                0x00000000810134fc                __divsi3
                0x0000000081013624                __aeabi_idivmod
 .text          0x0000000081013644        0x4 /usr/lib/gcc/arm-none-eabi/4.9.3/libgcc.a(_dvmd_tls.o)
                0x0000000081013644                __aeabi_ldiv0
                0x0000000081013644                __aeabi_idiv0
 *(.rodata .rodata.*)
 .rodata.str1.4
                0x0000000081013648       0x78 binaries/ascdate.o
 .rodata.str1.4
                0x00000000810136c0       0xcb binaries/conf.o
 *fill*         0x000000008101378b        0x1 
 .rodata.str1.4
                0x000000008101378c       0x60 binaries/getutime.o
 .rodata.str1.4
                0x00000000810137ec      0x16c binaries/initialize.o
                                        0x170 (size before relaxing)
 .rodata.str1.4
                0x0000000081013958       0x56 binaries/main.o
 *fill*         0x00000000810139ae        0x2 
 .rodata.str1.4
                0x00000000810139b0       0x10 binaries/panic.o
 .rodata.str1.4
                0x00000000810139c0       0x1c binaries/ptinit.o
 .rodata.str1.4
                0x00000000810139dc       0x25 binaries/ptsend.o
 *fill*         0x0000000081013a01        0x3 
 .rodata.str1.4
                0x0000000081013a04       0x27 binaries/xdone.o
 *fill*         0x0000000081013a2b        0x1 
 .rodata        0x0000000081013a2c       0x81 binaries/ctype_.o
                0x0000000081013a2c                _ctype_
 *fill*         0x0000000081013aad        0x3 
 .rodata.str1.4
                0x0000000081013ab0       0x2f binaries/doprnt.o
 .rodata.str1.4
                0x0000000000000000       0x2d binaries/fdoprnt.o
 *fill*         0x0000000081013adf        0x1 
 .rodata.str1.4
                0x0000000081013ae0       0x86 binaries/naminit.o
                                         0x8e (size before relaxing)
 *fill*         0x0000000081013b66        0x2 
 .rodata.str1.4
                0x0000000081013b68       0xe5 binaries/ethinit.o
 *fill*         0x0000000081013c4d        0x3 
 .rodata.str1.4
                0x0000000081013c50       0x12 binaries/ethread.o
 *fill*         0x0000000081013c62        0x2 
 .rodata.str1.4
                0x0000000081013c64       0x2c binaries/rdsbufalloc.o
 .rodata.str1.4
                0x0000000081013c90       0x76 binaries/rdscomm.o
 *fill*         0x0000000081013d06        0x2 
 .rodata.str1.4
                0x0000000081013d08       0x48 binaries/rdscontrol.o
 .rodata.str1.4
                0x0000000081013d50       0x96 binaries/rdsinit.o
 *fill*         0x0000000081013de6        0x2 
 .rodata.str1.4
                0x0000000081013de8       0x22 binaries/rdsopen.o
 *fill*         0x0000000081013e0a        0x2 
 .rodata.str1.4
                0x0000000081013e0c       0x4d binaries/rdsprocess.o
 *fill*         0x0000000081013e59        0x3 
 .rodata.str1.4
                0x0000000081013e5c        0x9 binaries/raminit.o
 *fill*         0x0000000081013e65        0x3 
 .rodata.str1.4
                0x0000000081013e68       0x37 binaries/lfdballoc.o
 *fill*         0x0000000081013e9f        0x1 
 .rodata.str1.4
                0x0000000081013ea0       0x14 binaries/lfiballoc.o
 .rodata.str1.4
                0x0000000081013eb4       0x23 binaries/lflcontrol.o
 *fill*         0x0000000081013ed7        0x1 
 .rodata.str1.4
                0x0000000081013ed8       0xbb binaries/lfsckfmt.o
 *fill*         0x0000000081013f93        0x1 
 .rodata.str1.4
                0x0000000081013f94       0x21 binaries/rflread.o
 .rodata.str1.4
                0x0000000000000000       0x21 binaries/rflwrite.o
 *fill*         0x0000000081013fb5        0x3 
 .rodata.str1.4
                0x0000000081013fb8       0x75 binaries/rfscomm.o
 *fill*         0x000000008101402d        0x3 
 .rodata.str1.4
                0x0000000081014030       0x23 binaries/rfscontrol.o
 *fill*         0x0000000081014053        0x1 
 .rodata.str1.4
                0x0000000081014054       0x63 binaries/rfsinit.o
 *fill*         0x00000000810140b7        0x1 
 .rodata.str1.4
                0x00000000810140b8       0x2a binaries/rfsndmsg.o
 .rodata.str1.4
                0x0000000000000000       0x22 binaries/rfsopen.o
 *fill*         0x00000000810140e2        0x2 
 .rodata.str1.4
                0x00000000810140e4       0x3d binaries/arp.o
 *fill*         0x0000000081014121        0x3 
 .rodata.str1.4
                0x0000000081014124      0x462 binaries/dhcp.o
                                        0x466 (size before relaxing)
 *fill*         0x0000000081014586        0x2 
 .rodata.str1.4
                0x0000000081014588       0xca binaries/hexdump.o
                                         0xd6 (size before relaxing)
 *fill*         0x0000000081014652        0x2 
 .rodata.str1.4
                0x0000000081014654       0x29 binaries/icmp.o
 *fill*         0x000000008101467d        0x3 
 .rodata.str1.4
                0x0000000081014680       0x6e binaries/ip.o
 *fill*         0x00000000810146ee        0x2 
 .rodata.str1.4
                0x00000000810146f0       0x53 binaries/net.o
 *fill*         0x0000000081014743        0x1 
 .rodata.str1.4
                0x0000000081014744       0x7f binaries/netstart.o
 *fill*         0x00000000810147c3        0x1 
 .rodata.str1.4
                0x00000000810147c4      0x28a binaries/pdump.o
                                        0x296 (size before relaxing)
 *fill*         0x0000000081014a4e        0x2 
 .rodata.str1.4
                0x0000000081014a50      0x178 binaries/tftp.o
                                        0x17c (size before relaxing)
 .rodata        0x0000000081014bc8      0x120 binaries/shell.o
                0x0000000081014bc8                cmdtab
 .rodata.str1.4
                0x0000000081014ce8      0x306 binaries/shell.o
                                        0x30e (size before relaxing)
 *fill*         0x0000000081014fee        0x2 
 .rodata.str1.4
                0x0000000081014ff0       0x29 binaries/xsh_argecho.o
                                         0x2e (size before relaxing)
 *fill*         0x0000000081015019        0x3 
 .rodata.str1.4
                0x000000008101501c      0x13e binaries/xsh_arp.o
                                        0x142 (size before relaxing)
 *fill*         0x000000008101515a        0x2 
 .rodata.str1.4
                0x000000008101515c       0x81 binaries/xsh_cat.o
                                         0xd1 (size before relaxing)
 *fill*         0x00000000810151dd        0x3 
 .rodata.str1.4
                0x00000000810151e0       0x15 binaries/xsh_clear.o
 *fill*         0x00000000810151f5        0x3 
 .rodata.str1.4
                0x00000000810151f8      0x1af binaries/xsh_date.o
                                        0x1cb (size before relaxing)
 *fill*         0x00000000810153a7        0x1 
 .rodata.str1.4
                0x00000000810153a8       0x61 binaries/xsh_devdump.o
 *fill*         0x0000000081015409        0x3 
 .rodata.str1.4
                0x000000008101540c        0x8 binaries/xsh_echo.o
                                          0xa (size before relaxing)
 .rodata.str1.4
                0x0000000081015414       0x55 binaries/xsh_hello.o
 *fill*         0x0000000081015469        0x3 
 .rodata.str1.4
                0x000000008101546c       0xe7 binaries/xsh_help.o
                                        0x17a (size before relaxing)
 *fill*         0x0000000081015553        0x1 
 .rodata.str1.4
                0x0000000081015554       0xfb binaries/xsh_ipaddr.o
                                        0x1ab (size before relaxing)
 *fill*         0x000000008101564f        0x1 
 .rodata.str1.4
                0x0000000081015650       0xc8 binaries/xsh_kill.o
                                        0x136 (size before relaxing)
 .rodata.str1.4
                0x0000000081015718       0xf7 binaries/xsh_led.o
                                        0x16b (size before relaxing)
 *fill*         0x000000008101580f        0x1 
 .rodata.str1.4
                0x0000000081015810      0x1e2 binaries/xsh_memdump.o
                                        0x262 (size before relaxing)
 *fill*         0x00000000810159f2        0x2 
 .rodata.str1.4
                0x00000000810159f4      0x1cc binaries/xsh_memstat.o
                                        0x232 (size before relaxing)
 .rodata.str1.4
                0x0000000081015bc0      0x13f binaries/xsh_ping.o
                                        0x1b2 (size before relaxing)
 *fill*         0x0000000081015cff        0x1 
 .rodata.str1.4
                0x0000000081015d00       0xb4 binaries/xsh_prodcons.o
                                         0xf8 (size before relaxing)
 .rodata        0x0000000081015db4       0x20 binaries/xsh_ps.o
 .rodata.str1.4
                0x0000000081015dd4      0x11a binaries/xsh_ps.o
                                        0x1d2 (size before relaxing)
 *fill*         0x0000000081015eee        0x2 
 .rodata.str1.4
                0x0000000081015ef0       0x2f binaries/xsh_reset.o
 *fill*         0x0000000081015f1f        0x1 
 .rodata.str1.4
                0x0000000081015f20       0x5e binaries/xsh_sleep.o
                                         0xf6 (size before relaxing)
 *fill*         0x0000000081015f7e        0x2 
 .rodata        0x0000000081015f80        0xc binaries/xsh_udpdump.o
 .rodata.str1.4
                0x0000000081015f8c      0x122 binaries/xsh_udpdump.o
                                        0x1de (size before relaxing)
 *fill*         0x00000000810160ae        0x2 
 .rodata.str1.4
                0x00000000810160b0      0x1ae binaries/xsh_udpecho.o
                                        0x222 (size before relaxing)
 *fill*         0x000000008101625e        0x2 
 .rodata.str1.4
                0x0000000081016260       0x97 binaries/xsh_udpeserver.o
                                        0x13b (size before relaxing)
 *fill*         0x00000000810162f7        0x1 
 .rodata.str1.4
                0x00000000810162f8       0x77 binaries/xsh_uptime.o
                                        0x112 (size before relaxing)
 *fill*         0x000000008101636f        0x1 
 .rodata.str1.4
                0x0000000081016370       0x2b binaries/future_cons.o
 *fill*         0x000000008101639b        0x1 
 .rodata.str1.4
                0x000000008101639c       0x14 binaries/future_prod.o
                                         0x13 (size before relaxing)
                0x00000000810163b0                etext = ABSOLUTE (.)
                0x0000000081017000                . = ALIGN (0x1000)
 *fill*         0x00000000810163b0      0xc50 

.glue_7         0x0000000081017000        0x0
 .glue_7        0x0000000000000000        0x0 linker stubs

.glue_7t        0x0000000081017000        0x0
 .glue_7t       0x0000000000000000        0x0 linker stubs

.vfp11_veneer   0x0000000081017000        0x0
 .vfp11_veneer  0x0000000000000000        0x0 linker stubs

.v4_bx          0x0000000081017000        0x0
 .v4_bx         0x0000000000000000        0x0 linker stubs

.iplt           0x0000000081017000        0x0
 .iplt          0x0000000000000000        0x0 binaries/start.o

.rel.dyn        0x0000000081017000        0x0
 .rel.iplt      0x0000000000000000        0x0 binaries/start.o

.data           0x0000000081017000     0x1000
                0x0000000081017000                data = ABSOLUTE (.)
 *(.data .data.*)
 .data          0x0000000081017000        0x0 binaries/start.o
 .data          0x0000000081017000       0x88 binaries/ascdate.o
                0x0000000081017000                Date
 .data          0x0000000081017088        0x0 binaries/bufinit.o
 .data          0x0000000081017088        0x0 binaries/chprio.o
 .data          0x0000000081017088        0x4 binaries/clkhandler.o
 .data          0x000000008101708c        0x0 binaries/clkinit.o
 .data          0x000000008101708c        0x0 binaries/close.o
 .data          0x000000008101708c      0x5a0 binaries/conf.o
                0x000000008101708c                devtab
 .data          0x000000008101762c        0x0 binaries/control.o
 .data          0x000000008101762c        0x4 binaries/create.o
 .data          0x0000000081017630       0x3d binaries/evec.o
                0x0000000081017630                expmsg2
                0x0000000081017644                expmsg1
 .data          0x000000008101766d        0x0 binaries/exit.o
 .data          0x000000008101766d        0x0 binaries/freebuf.o
 .data          0x000000008101766d        0x0 binaries/freemem.o
 .data          0x000000008101766d        0x0 binaries/future_alloc.o
 .data          0x000000008101766d        0x0 binaries/future_free.o
 .data          0x000000008101766d        0x0 binaries/future_get.o
 .data          0x000000008101766d        0x0 binaries/future_set.o
 .data          0x000000008101766d        0x0 binaries/getbuf.o
 .data          0x000000008101766d        0x0 binaries/getc.o
 .data          0x000000008101766d        0x0 binaries/getdev.o
 .data          0x000000008101766d        0x0 binaries/getitem.o
 .data          0x000000008101766d        0x0 binaries/getmem.o
 .data          0x000000008101766d        0x0 binaries/getpid.o
 .data          0x000000008101766d        0x0 binaries/getprio.o
 .data          0x000000008101766d        0x0 binaries/getstk.o
 .data          0x000000008101766d        0x0 binaries/gettime.o
 .data          0x000000008101766d        0x0 binaries/getutime.o
 .data          0x000000008101766d        0x0 binaries/init.o
 .data          0x000000008101766d        0x0 binaries/initialize.o
 .data          0x000000008101766d        0x0 binaries/insert.o
 .data          0x000000008101766d        0x0 binaries/insertd.o
 .data          0x000000008101766d        0x0 binaries/ioerr.o
 .data          0x000000008101766d        0x0 binaries/ionull.o
 .data          0x000000008101766d        0x0 binaries/kill.o
 .data          0x000000008101766d        0x0 binaries/kprintf.o
 *fill*         0x000000008101766d        0x3 
 .data          0x0000000081017670        0x4 binaries/main.o
                0x0000000081017670                gcounter
 .data          0x0000000081017674        0x0 binaries/mark.o
 .data          0x0000000081017674        0x0 binaries/meminit.o
 .data          0x0000000081017674        0x0 binaries/mkbufpool.o
 .data          0x0000000081017674        0x2 binaries/newqueue.o
 .data          0x0000000081017676        0x0 binaries/open.o
 .data          0x0000000081017676        0x0 binaries/panic.o
 .data          0x0000000081017676        0x0 binaries/platinit.o
 .data          0x0000000081017676        0x0 binaries/ptclear.o
 .data          0x0000000081017676        0x0 binaries/ptcount.o
 .data          0x0000000081017676        0x0 binaries/ptcreate.o
 .data          0x0000000081017676        0x0 binaries/ptdelete.o
 .data          0x0000000081017676        0x0 binaries/ptinit.o
 .data          0x0000000081017676        0x0 binaries/ptrecv.o
 .data          0x0000000081017676        0x0 binaries/ptreset.o
 .data          0x0000000081017676        0x0 binaries/ptsend.o
 .data          0x0000000081017676        0x0 binaries/putc.o
 .data          0x0000000081017676        0x0 binaries/queue.o
 .data          0x0000000081017676        0x0 binaries/read.o
 .data          0x0000000081017676        0x0 binaries/ready.o
 .data          0x0000000081017676        0x0 binaries/receive.o
 .data          0x0000000081017676        0x0 binaries/recvclr.o
 .data          0x0000000081017676        0x0 binaries/recvtime.o
 .data          0x0000000081017676        0x0 binaries/resched.o
 .data          0x0000000081017676        0x0 binaries/resume.o
 .data          0x0000000081017676        0x0 binaries/seek.o
 .data          0x0000000081017676        0x0 binaries/semcount.o
 .data          0x0000000081017676        0x0 binaries/semcreate.o
 .data          0x0000000081017676        0x0 binaries/semdelete.o
 .data          0x0000000081017676        0x0 binaries/semreset.o
 .data          0x0000000081017676        0x0 binaries/send.o
 .data          0x0000000081017676        0x0 binaries/signal.o
 .data          0x0000000081017676        0x0 binaries/signaln.o
 .data          0x0000000081017676        0x0 binaries/sleep.o
 .data          0x0000000081017676        0x0 binaries/suspend.o
 .data          0x0000000081017676        0x0 binaries/unsleep.o
 .data          0x0000000081017676        0x0 binaries/userret.o
 .data          0x0000000081017676        0x0 binaries/wait.o
 .data          0x0000000081017676        0x0 binaries/wakeup.o
 .data          0x0000000081017676        0x0 binaries/write.o
 .data          0x0000000081017676        0x0 binaries/xdone.o
 .data          0x0000000081017676        0x0 binaries/yield.o
 .data          0x0000000081017676        0x0 binaries/abs.o
 .data          0x0000000081017676        0x0 binaries/atoi.o
 .data          0x0000000081017676        0x0 binaries/atol.o
 .data          0x0000000081017676        0x0 binaries/bzero.o
 .data          0x0000000081017676        0x0 binaries/ctype_.o
 .data          0x0000000081017676        0x0 binaries/doprnt.o
 *fill*         0x0000000081017676        0x2 
 .data          0x0000000081017678       0x80 binaries/doscan.o
                0x0000000081017678                _sctab
 .data          0x00000000810176f8        0x0 binaries/fdoprnt.o
 .data          0x00000000810176f8        0x0 binaries/fgetc.o
 .data          0x00000000810176f8        0x0 binaries/fgets.o
 .data          0x00000000810176f8        0x0 binaries/fprintf.o
 .data          0x00000000810176f8        0x0 binaries/fputc.o
 .data          0x00000000810176f8        0x0 binaries/fputs.o
 .data          0x00000000810176f8        0x0 binaries/fscanf.o
 .data          0x00000000810176f8        0x0 binaries/getchar.o
 .data          0x00000000810176f8        0x0 binaries/labs.o
 .data          0x00000000810176f8        0x0 binaries/memchr.o
 .data          0x00000000810176f8        0x0 binaries/memcmp.o
 .data          0x00000000810176f8        0x0 binaries/memcpy.o
 .data          0x00000000810176f8        0x0 binaries/memset.o
 .data          0x00000000810176f8        0x0 binaries/printf.o
 .data          0x00000000810176f8        0x0 binaries/putchar.o
 .data          0x00000000810176f8        0x0 binaries/qsort.o
 .data          0x00000000810176f8        0x4 binaries/rand.o
 .data          0x00000000810176fc        0x0 binaries/sprintf.o
 .data          0x00000000810176fc        0x0 binaries/sscanf.o
 .data          0x00000000810176fc        0x0 binaries/strchr.o
 .data          0x00000000810176fc        0x0 binaries/strcmp.o
 .data          0x00000000810176fc        0x0 binaries/strcpy.o
 .data          0x00000000810176fc        0x0 binaries/strlen.o
 .data          0x00000000810176fc        0x0 binaries/strncat.o
 .data          0x00000000810176fc        0x0 binaries/strncmp.o
 .data          0x00000000810176fc        0x0 binaries/strncpy.o
 .data          0x00000000810176fc        0x0 binaries/strnlen.o
 .data          0x00000000810176fc        0x0 binaries/strrchr.o
 .data          0x00000000810176fc        0x0 binaries/strstr.o
 .data          0x00000000810176fc        0x0 binaries/ttycontrol.o
 .data          0x00000000810176fc        0x0 binaries/ttygetc.o
 .data          0x00000000810176fc        0x0 binaries/ttyhandle_in.o
 .data          0x00000000810176fc        0x0 binaries/ttyhandle_out.o
 .data          0x00000000810176fc        0x0 binaries/ttyhandler.o
 .data          0x00000000810176fc        0x0 binaries/ttyinit.o
 .data          0x00000000810176fc        0x0 binaries/ttykickout.o
 .data          0x00000000810176fc        0x0 binaries/ttyputc.o
 .data          0x00000000810176fc        0x0 binaries/ttyread.o
 .data          0x00000000810176fc        0x0 binaries/ttywrite.o
 .data          0x00000000810176fc        0x0 binaries/mount.o
 .data          0x00000000810176fc        0x0 binaries/naminit.o
 .data          0x00000000810176fc        0x0 binaries/nammap.o
 .data          0x00000000810176fc        0x0 binaries/namopen.o
 .data          0x00000000810176fc        0x0 binaries/colon2mac.o
 .data          0x00000000810176fc        0x0 binaries/ethcontrol.o
 .data          0x00000000810176fc        0x0 binaries/ethhandler.o
 .data          0x00000000810176fc        0x0 binaries/ethinit.o
 .data          0x00000000810176fc        0x0 binaries/ethread.o
 .data          0x00000000810176fc        0x0 binaries/ethwrite.o
 .data          0x00000000810176fc        0x0 binaries/rdsbufalloc.o
 .data          0x00000000810176fc        0x0 binaries/rdsclose.o
 .data          0x00000000810176fc        0x0 binaries/rdscomm.o
 .data          0x00000000810176fc        0x0 binaries/rdscontrol.o
 .data          0x00000000810176fc        0x0 binaries/rdsinit.o
 .data          0x00000000810176fc        0x0 binaries/rdsopen.o
 .data          0x00000000810176fc        0x0 binaries/rdsprocess.o
 .data          0x00000000810176fc        0x0 binaries/rdsread.o
 .data          0x00000000810176fc        0x0 binaries/rdswrite.o
 .data          0x00000000810176fc        0x0 binaries/ramclose.o
 .data          0x00000000810176fc        0x0 binaries/raminit.o
 .data          0x00000000810176fc        0x0 binaries/ramopen.o
 .data          0x00000000810176fc        0x0 binaries/ramread.o
 .data          0x00000000810176fc        0x0 binaries/ramwrite.o
 .data          0x00000000810176fc        0x0 binaries/lfdballoc.o
 .data          0x00000000810176fc        0x0 binaries/lfdbfree.o
 .data          0x00000000810176fc        0x0 binaries/lfflush.o
 .data          0x00000000810176fc        0x0 binaries/lfgetmode.o
 .data          0x00000000810176fc        0x0 binaries/lfiballoc.o
 .data          0x00000000810176fc        0x0 binaries/lfibclear.o
 .data          0x00000000810176fc        0x0 binaries/lfibget.o
 .data          0x00000000810176fc        0x0 binaries/lfibput.o
 .data          0x00000000810176fc        0x0 binaries/lflclose.o
 .data          0x00000000810176fc        0x0 binaries/lflcontrol.o
 .data          0x00000000810176fc        0x0 binaries/lflgetc.o
 .data          0x00000000810176fc        0x0 binaries/lflinit.o
 .data          0x00000000810176fc        0x0 binaries/lflputc.o
 .data          0x00000000810176fc        0x0 binaries/lflread.o
 .data          0x00000000810176fc        0x0 binaries/lflseek.o
 .data          0x00000000810176fc        0x0 binaries/lflwrite.o
 .data          0x00000000810176fc        0x0 binaries/lfsckfmt.o
 .data          0x00000000810176fc        0x0 binaries/lfscreate.o
 .data          0x00000000810176fc        0x0 binaries/lfsetup.o
 .data          0x00000000810176fc        0x0 binaries/lfsinit.o
 .data          0x00000000810176fc        0x0 binaries/lfsopen.o
 .data          0x00000000810176fc        0x0 binaries/lftruncate.o
 .data          0x00000000810176fc        0x0 binaries/rflclose.o
 .data          0x00000000810176fc        0x0 binaries/rflgetc.o
 .data          0x00000000810176fc        0x0 binaries/rflinit.o
 .data          0x00000000810176fc        0x0 binaries/rflputc.o
 .data          0x00000000810176fc        0x0 binaries/rflread.o
 .data          0x00000000810176fc        0x0 binaries/rflseek.o
 .data          0x00000000810176fc        0x0 binaries/rflwrite.o
 .data          0x00000000810176fc        0x0 binaries/rfscomm.o
 .data          0x00000000810176fc        0x0 binaries/rfscontrol.o
 .data          0x00000000810176fc        0x0 binaries/rfsgetmode.o
 .data          0x00000000810176fc        0x0 binaries/rfsinit.o
 .data          0x00000000810176fc        0x0 binaries/rfsndmsg.o
 .data          0x00000000810176fc        0x0 binaries/rfsopen.o
 .data          0x00000000810176fc        0x0 binaries/arp.o
 .data          0x00000000810176fc        0x0 binaries/dhcp.o
 .data          0x00000000810176fc        0x0 binaries/dns.o
 .data          0x00000000810176fc        0x0 binaries/dot2ip.o
 .data          0x00000000810176fc        0x0 binaries/hexdump.o
 .data          0x00000000810176fc        0x4 binaries/icmp.o
 .data          0x0000000081017700        0x0 binaries/ip.o
 .data          0x0000000081017700        0x0 binaries/net.o
 .data          0x0000000081017700        0x0 binaries/netstart.o
 .data          0x0000000081017700        0x0 binaries/pdump.o
 .data          0x0000000081017700        0x0 binaries/tftp.o
 .data          0x0000000081017700        0x4 binaries/udp.o
 .data          0x0000000081017704        0x0 binaries/addargs.o
 .data          0x0000000081017704        0x0 binaries/lexan.o
 .data          0x0000000081017704        0x4 binaries/shell.o
                0x0000000081017704                ncmd
 .data          0x0000000081017708        0x0 binaries/xsh_argecho.o
 .data          0x0000000081017708        0x0 binaries/xsh_arp.o
 .data          0x0000000081017708        0x0 binaries/xsh_cat.o
 .data          0x0000000081017708        0x0 binaries/xsh_clear.o
 .data          0x0000000081017708        0x0 binaries/xsh_date.o
 .data          0x0000000081017708        0x0 binaries/xsh_devdump.o
 .data          0x0000000081017708        0x0 binaries/xsh_echo.o
 .data          0x0000000081017708        0x0 binaries/xsh_exit.o
 .data          0x0000000081017708        0x0 binaries/xsh_hello.o
 .data          0x0000000081017708        0x0 binaries/xsh_help.o
 .data          0x0000000081017708        0x0 binaries/xsh_ipaddr.o
 .data          0x0000000081017708        0x0 binaries/xsh_kill.o
 .data          0x0000000081017708        0x0 binaries/xsh_led.o
 .data          0x0000000081017708        0x0 binaries/xsh_memdump.o
 .data          0x0000000081017708        0x0 binaries/xsh_memstat.o
 .data          0x0000000081017708        0x0 binaries/xsh_ping.o
 .data          0x0000000081017708        0x0 binaries/xsh_prodcons.o
 .data          0x0000000081017708        0x0 binaries/xsh_ps.o
 .data          0x0000000081017708        0x0 binaries/xsh_reset.o
 .data          0x0000000081017708        0x0 binaries/xsh_sleep.o
 .data          0x0000000081017708        0x0 binaries/xsh_udpdump.o
 .data          0x0000000081017708        0x0 binaries/xsh_udpecho.o
 .data          0x0000000081017708        0x0 binaries/xsh_udpeserver.o
 .data          0x0000000081017708        0x0 binaries/xsh_uptime.o
 .data          0x0000000081017708        0x0 binaries/future_cons.o
 .data          0x0000000081017708        0x0 binaries/future_prod.o
 .data          0x0000000081017708        0x0 binaries/ctxsw.o
 .data          0x0000000081017708        0x0 binaries/intr.o
 .data          0x0000000081017708        0x0 /usr/lib/gcc/arm-none-eabi/4.9.3/libgcc.a(_udivsi3.o)
 .data          0x0000000081017708        0x0 /usr/lib/gcc/arm-none-eabi/4.9.3/libgcc.a(_divsi3.o)
 .data          0x0000000081017708        0x0 /usr/lib/gcc/arm-none-eabi/4.9.3/libgcc.a(_dvmd_tls.o)
                0x0000000081017708                edata = ABSOLUTE (.)
                0x0000000081018000                . = ALIGN (0x1000)
 *fill*         0x0000000081017708      0x8f8 

.igot.plt       0x0000000081018000        0x0
 .igot.plt      0x0000000000000000        0x0 binaries/start.o

.bss            0x0000000081018000    0x20000
                0x0000000081018000                bss = ABSOLUTE (.)
 *(.bss .bss.*)
 .bss           0x0000000081018000        0x0 binaries/start.o
 .bss           0x0000000081018000        0x0 binaries/ascdate.o
 .bss           0x0000000081018000        0x0 binaries/bufinit.o
 .bss           0x0000000081018000        0x0 binaries/chprio.o
 .bss           0x0000000081018000        0x0 binaries/clkhandler.o
 .bss           0x0000000081018000        0x4 binaries/clkinit.o
                0x0000000081018000                ctr1000
 .bss           0x0000000081018004        0x0 binaries/close.o
 .bss           0x0000000081018004        0x0 binaries/conf.o
 .bss           0x0000000081018004        0x0 binaries/control.o
 .bss           0x0000000081018004        0x0 binaries/create.o
 .bss           0x0000000081018004        0x0 binaries/evec.o
 .bss           0x0000000081018004        0x0 binaries/exit.o
 .bss           0x0000000081018004        0x0 binaries/freebuf.o
 .bss           0x0000000081018004        0x0 binaries/freemem.o
 .bss           0x0000000081018004        0x0 binaries/future_alloc.o
 .bss           0x0000000081018004        0x0 binaries/future_free.o
 .bss           0x0000000081018004        0x0 binaries/future_get.o
 .bss           0x0000000081018004        0x0 binaries/future_set.o
 .bss           0x0000000081018004        0x0 binaries/getbuf.o
 .bss           0x0000000081018004        0x0 binaries/getc.o
 .bss           0x0000000081018004        0x0 binaries/getdev.o
 .bss           0x0000000081018004        0x0 binaries/getitem.o
 .bss           0x0000000081018004        0x0 binaries/getmem.o
 .bss           0x0000000081018004        0x0 binaries/getpid.o
 .bss           0x0000000081018004        0x0 binaries/getprio.o
 .bss           0x0000000081018004        0x0 binaries/getstk.o
 .bss           0x0000000081018004        0x0 binaries/gettime.o
 .bss           0x0000000081018004        0x0 binaries/getutime.o
 .bss           0x0000000081018004        0x0 binaries/init.o
 .bss           0x0000000081018004        0x0 binaries/initialize.o
 .bss           0x0000000081018004        0x0 binaries/insert.o
 .bss           0x0000000081018004        0x0 binaries/insertd.o
 .bss           0x0000000081018004        0x0 binaries/ioerr.o
 .bss           0x0000000081018004        0x0 binaries/ionull.o
 .bss           0x0000000081018004        0x0 binaries/kill.o
 .bss           0x0000000081018004        0x0 binaries/kprintf.o
 .bss           0x0000000081018004        0x0 binaries/main.o
 .bss           0x0000000081018004        0x0 binaries/mark.o
 .bss           0x0000000081018004        0x0 binaries/meminit.o
 .bss           0x0000000081018004        0x0 binaries/mkbufpool.o
 .bss           0x0000000081018004        0x0 binaries/newqueue.o
 .bss           0x0000000081018004        0x0 binaries/open.o
 .bss           0x0000000081018004        0x0 binaries/panic.o
 .bss           0x0000000081018004        0x0 binaries/platinit.o
 .bss           0x0000000081018004        0x0 binaries/ptclear.o
 .bss           0x0000000081018004        0x0 binaries/ptcount.o
 .bss           0x0000000081018004        0x0 binaries/ptcreate.o
 .bss           0x0000000081018004        0x0 binaries/ptdelete.o
 .bss           0x0000000081018004        0x0 binaries/ptinit.o
 .bss           0x0000000081018004        0x0 binaries/ptrecv.o
 .bss           0x0000000081018004        0x0 binaries/ptreset.o
 .bss           0x0000000081018004        0x0 binaries/ptsend.o
 .bss           0x0000000081018004        0x0 binaries/putc.o
 .bss           0x0000000081018004        0x0 binaries/queue.o
 .bss           0x0000000081018004        0x0 binaries/read.o
 .bss           0x0000000081018004        0x0 binaries/ready.o
 .bss           0x0000000081018004        0x0 binaries/receive.o
 .bss           0x0000000081018004        0x0 binaries/recvclr.o
 .bss           0x0000000081018004        0x0 binaries/recvtime.o
 .bss           0x0000000081018004        0x0 binaries/resched.o
 .bss           0x0000000081018004        0x0 binaries/resume.o
 .bss           0x0000000081018004        0x0 binaries/seek.o
 .bss           0x0000000081018004        0x0 binaries/semcount.o
 .bss           0x0000000081018004        0x4 binaries/semcreate.o
 .bss           0x0000000081018008        0x0 binaries/semdelete.o
 .bss           0x0000000081018008        0x0 binaries/semreset.o
 .bss           0x0000000081018008        0x0 binaries/send.o
 .bss           0x0000000081018008        0x0 binaries/signal.o
 .bss           0x0000000081018008        0x0 binaries/signaln.o
 .bss           0x0000000081018008        0x0 binaries/sleep.o
 .bss           0x0000000081018008        0x0 binaries/suspend.o
 .bss           0x0000000081018008        0x0 binaries/unsleep.o
 .bss           0x0000000081018008        0x0 binaries/userret.o
 .bss           0x0000000081018008        0x0 binaries/wait.o
 .bss           0x0000000081018008        0x0 binaries/wakeup.o
 .bss           0x0000000081018008        0x0 binaries/write.o
 .bss           0x0000000081018008        0x0 binaries/xdone.o
 .bss           0x0000000081018008        0x0 binaries/yield.o
 .bss           0x0000000081018008        0x0 binaries/abs.o
 .bss           0x0000000081018008        0x0 binaries/atoi.o
 .bss           0x0000000081018008        0x0 binaries/atol.o
 .bss           0x0000000081018008        0x0 binaries/bzero.o
 .bss           0x0000000081018008        0x0 binaries/ctype_.o
 .bss           0x0000000081018008        0x0 binaries/doprnt.o
 .bss           0x0000000081018008        0x0 binaries/doscan.o
 .bss           0x0000000081018008        0x0 binaries/fdoprnt.o
 .bss           0x0000000081018008        0x0 binaries/fgetc.o
 .bss           0x0000000081018008        0x0 binaries/fgets.o
 .bss           0x0000000081018008        0x0 binaries/fprintf.o
 .bss           0x0000000081018008        0x0 binaries/fputc.o
 .bss           0x0000000081018008        0x0 binaries/fputs.o
 .bss           0x0000000081018008        0x0 binaries/fscanf.o
 .bss           0x0000000081018008        0x0 binaries/getchar.o
 .bss           0x0000000081018008        0x0 binaries/labs.o
 .bss           0x0000000081018008        0x0 binaries/memchr.o
 .bss           0x0000000081018008        0x0 binaries/memcmp.o
 .bss           0x0000000081018008        0x0 binaries/memcpy.o
 .bss           0x0000000081018008        0x0 binaries/memset.o
 .bss           0x0000000081018008        0x0 binaries/printf.o
 .bss           0x0000000081018008        0x0 binaries/putchar.o
 .bss           0x0000000081018008        0x8 binaries/qsort.o
 .bss           0x0000000081018010        0x0 binaries/rand.o
 .bss           0x0000000081018010        0x0 binaries/sprintf.o
 .bss           0x0000000081018010        0x0 binaries/sscanf.o
 .bss           0x0000000081018010        0x0 binaries/strchr.o
 .bss           0x0000000081018010        0x0 binaries/strcmp.o
 .bss           0x0000000081018010        0x0 binaries/strcpy.o
 .bss           0x0000000081018010        0x0 binaries/strlen.o
 .bss           0x0000000081018010        0x0 binaries/strncat.o
 .bss           0x0000000081018010        0x0 binaries/strncmp.o
 .bss           0x0000000081018010        0x0 binaries/strncpy.o
 .bss           0x0000000081018010        0x0 binaries/strnlen.o
 .bss           0x0000000081018010        0x0 binaries/strrchr.o
 .bss           0x0000000081018010        0x0 binaries/strstr.o
 .bss           0x0000000081018010        0x0 binaries/ttycontrol.o
 .bss           0x0000000081018010        0x0 binaries/ttygetc.o
 .bss           0x0000000081018010        0x0 binaries/ttyhandle_in.o
 .bss           0x0000000081018010        0x0 binaries/ttyhandle_out.o
 .bss           0x0000000081018010        0x0 binaries/ttyhandler.o
 .bss           0x0000000081018010        0x0 binaries/ttyinit.o
 .bss           0x0000000081018010        0x0 binaries/ttykickout.o
 .bss           0x0000000081018010        0x0 binaries/ttyputc.o
 .bss           0x0000000081018010        0x0 binaries/ttyread.o
 .bss           0x0000000081018010        0x0 binaries/ttywrite.o
 .bss           0x0000000081018010        0x0 binaries/mount.o
 .bss           0x0000000081018010        0x0 binaries/naminit.o
 .bss           0x0000000081018010        0x0 binaries/nammap.o
 .bss           0x0000000081018010        0x0 binaries/namopen.o
 .bss           0x0000000081018010        0x0 binaries/colon2mac.o
 .bss           0x0000000081018010        0x0 binaries/ethcontrol.o
 .bss           0x0000000081018010        0x0 binaries/ethhandler.o
 .bss           0x0000000081018010        0x0 binaries/ethinit.o
 .bss           0x0000000081018010        0x0 binaries/ethread.o
 .bss           0x0000000081018010        0x0 binaries/ethwrite.o
 .bss           0x0000000081018010        0x0 binaries/rdsbufalloc.o
 .bss           0x0000000081018010        0x0 binaries/rdsclose.o
 .bss           0x0000000081018010        0x0 binaries/rdscomm.o
 .bss           0x0000000081018010        0x0 binaries/rdscontrol.o
 .bss           0x0000000081018010        0x0 binaries/rdsinit.o
 .bss           0x0000000081018010        0x0 binaries/rdsopen.o
 .bss           0x0000000081018010        0x0 binaries/rdsprocess.o
 .bss           0x0000000081018010        0x0 binaries/rdsread.o
 .bss           0x0000000081018010        0x0 binaries/rdswrite.o
 .bss           0x0000000081018010        0x0 binaries/ramclose.o
 .bss           0x0000000081018010        0x0 binaries/raminit.o
 .bss           0x0000000081018010        0x0 binaries/ramopen.o
 .bss           0x0000000081018010        0x0 binaries/ramread.o
 .bss           0x0000000081018010        0x0 binaries/ramwrite.o
 .bss           0x0000000081018010        0x0 binaries/lfdballoc.o
 .bss           0x0000000081018010        0x0 binaries/lfdbfree.o
 .bss           0x0000000081018010        0x0 binaries/lfflush.o
 .bss           0x0000000081018010        0x0 binaries/lfgetmode.o
 .bss           0x0000000081018010        0x0 binaries/lfiballoc.o
 .bss           0x0000000081018010        0x0 binaries/lfibclear.o
 .bss           0x0000000081018010        0x0 binaries/lfibget.o
 .bss           0x0000000081018010        0x0 binaries/lfibput.o
 .bss           0x0000000081018010        0x0 binaries/lflclose.o
 .bss           0x0000000081018010        0x0 binaries/lflcontrol.o
 .bss           0x0000000081018010        0x0 binaries/lflgetc.o
 .bss           0x0000000081018010        0x0 binaries/lflinit.o
 .bss           0x0000000081018010        0x0 binaries/lflputc.o
 .bss           0x0000000081018010        0x0 binaries/lflread.o
 .bss           0x0000000081018010        0x0 binaries/lflseek.o
 .bss           0x0000000081018010        0x0 binaries/lflwrite.o
 .bss           0x0000000081018010        0x0 binaries/lfsckfmt.o
 .bss           0x0000000081018010        0x0 binaries/lfscreate.o
 .bss           0x0000000081018010        0x0 binaries/lfsetup.o
 .bss           0x0000000081018010        0x0 binaries/lfsinit.o
 .bss           0x0000000081018010        0x0 binaries/lfsopen.o
 .bss           0x0000000081018010        0x0 binaries/lftruncate.o
 .bss           0x0000000081018010        0x0 binaries/rflclose.o
 .bss           0x0000000081018010        0x0 binaries/rflgetc.o
 .bss           0x0000000081018010        0x0 binaries/rflinit.o
 .bss           0x0000000081018010        0x0 binaries/rflputc.o
 .bss           0x0000000081018010        0x0 binaries/rflread.o
 .bss           0x0000000081018010        0x0 binaries/rflseek.o
 .bss           0x0000000081018010        0x0 binaries/rflwrite.o
 .bss           0x0000000081018010        0x0 binaries/rfscomm.o
 .bss           0x0000000081018010        0x0 binaries/rfscontrol.o
 .bss           0x0000000081018010        0x0 binaries/rfsgetmode.o
 .bss           0x0000000081018010        0x0 binaries/rfsinit.o
 .bss           0x0000000081018010        0x0 binaries/rfsndmsg.o
 .bss           0x0000000081018010        0x0 binaries/rfsopen.o
 .bss           0x0000000081018010        0x0 binaries/arp.o
 .bss           0x0000000081018010        0x0 binaries/dhcp.o
 .bss           0x0000000081018010        0x0 binaries/dns.o
 .bss           0x0000000081018010        0x0 binaries/dot2ip.o
 .bss           0x0000000081018010        0x0 binaries/hexdump.o
 .bss           0x0000000081018010        0x0 binaries/icmp.o
 .bss           0x0000000081018010        0x0 binaries/ip.o
 .bss           0x0000000081018010        0x0 binaries/net.o
 .bss           0x0000000081018010        0x0 binaries/netstart.o
 .bss           0x0000000081018010        0x0 binaries/pdump.o
 .bss           0x0000000081018010        0x0 binaries/tftp.o
 .bss           0x0000000081018010        0x0 binaries/udp.o
 .bss           0x0000000081018010        0x0 binaries/addargs.o
 .bss           0x0000000081018010        0x0 binaries/lexan.o
 .bss           0x0000000081018010        0x0 binaries/shell.o
 .bss           0x0000000081018010        0x0 binaries/xsh_argecho.o
 .bss           0x0000000081018010        0x0 binaries/xsh_arp.o
 .bss           0x0000000081018010        0x0 binaries/xsh_cat.o
 .bss           0x0000000081018010        0x0 binaries/xsh_clear.o
 .bss           0x0000000081018010        0x0 binaries/xsh_date.o
 .bss           0x0000000081018010        0x0 binaries/xsh_devdump.o
 .bss           0x0000000081018010        0x0 binaries/xsh_echo.o
 .bss           0x0000000081018010        0x0 binaries/xsh_exit.o
 .bss           0x0000000081018010        0x0 binaries/xsh_hello.o
 .bss           0x0000000081018010        0x0 binaries/xsh_help.o
 .bss           0x0000000081018010        0x0 binaries/xsh_ipaddr.o
 .bss           0x0000000081018010        0x0 binaries/xsh_kill.o
 .bss           0x0000000081018010        0x0 binaries/xsh_led.o
 .bss           0x0000000081018010        0x0 binaries/xsh_memdump.o
 .bss           0x0000000081018010        0x0 binaries/xsh_memstat.o
 .bss           0x0000000081018010        0x4 binaries/xsh_ping.o
 .bss           0x0000000081018014        0x0 binaries/xsh_prodcons.o
 .bss           0x0000000081018014        0x0 binaries/xsh_ps.o
 .bss           0x0000000081018014        0x0 binaries/xsh_reset.o
 .bss           0x0000000081018014        0x0 binaries/xsh_sleep.o
 .bss           0x0000000081018014        0x0 binaries/xsh_udpdump.o
 .bss           0x0000000081018014        0x0 binaries/xsh_udpecho.o
 .bss           0x0000000081018014        0x0 binaries/xsh_udpeserver.o
 .bss           0x0000000081018014        0x0 binaries/xsh_uptime.o
 .bss           0x0000000081018014        0x0 binaries/future_cons.o
 .bss           0x0000000081018014        0x0 binaries/future_prod.o
 .bss           0x0000000081018014        0x0 binaries/ctxsw.o
 .bss           0x0000000081018014        0x0 binaries/intr.o
 .bss           0x0000000081018014        0x0 /usr/lib/gcc/arm-none-eabi/4.9.3/libgcc.a(_udivsi3.o)
 .bss           0x0000000081018014        0x0 /usr/lib/gcc/arm-none-eabi/4.9.3/libgcc.a(_divsi3.o)
 .bss           0x0000000081018014        0x0 /usr/lib/gcc/arm-none-eabi/4.9.3/libgcc.a(_dvmd_tls.o)
 *(COMMON)
 COMMON         0x0000000081018014       0xf4 binaries/bufinit.o
                0x0000000081018014                buftab
                0x0000000081018104                nbpools
 COMMON         0x0000000081018108        0xc binaries/clkinit.o
                0x0000000081018108                sleepq
                0x000000008101810c                preempt
                0x0000000081018110                clktime
 COMMON         0x0000000081018114      0x200 binaries/evec.o
                0x0000000081018114                intc_vector
 COMMON         0x0000000081018314     0x1aa0 binaries/initialize.o
                0x0000000081018314                currpid
                0x0000000081018318                proctab
                0x00000000810198f8                prcount
                0x00000000810198fc                semtab
                0x0000000081019dac                memlist
 COMMON         0x0000000081019db4        0x4 binaries/main.o
                0x0000000081019db4                cpudelay
 COMMON         0x0000000081019db8       0x58 binaries/mark.o
                0x0000000081019db8                marks
                0x0000000081019e08                nmarks
                0x0000000081019e0c                mkmutex
 COMMON         0x0000000081019e10        0x8 binaries/meminit.o
                0x0000000081019e10                minheap
                0x0000000081019e14                maxheap
 COMMON         0x0000000081019e18      0x2d8 binaries/ptinit.o
                0x0000000081019e18                porttab
[...]
                0x00000000000022b8       0x35 binaries/lfsopen.o
 .ARM.attributes
                0x00000000000022ed       0x35 binaries/lftruncate.o
 .ARM.attributes
                0x0000000000002322       0x35 binaries/rflclose.o
 .ARM.attributes
                0x0000000000002357       0x35 binaries/rflgetc.o
 .ARM.attributes
                0x000000000000238c       0x35 binaries/rflinit.o
 .ARM.attributes
                0x00000000000023c1       0x35 binaries/rflputc.o
 .ARM.attributes
                0x00000000000023f6       0x35 binaries/rflread.o
 .ARM.attributes
                0x000000000000242b       0x35 binaries/rflseek.o
 .ARM.attributes
                0x0000000000002460       0x35 binaries/rflwrite.o
 .ARM.attributes
                0x0000000000002495       0x35 binaries/rfscomm.o
 .ARM.attributes
                0x00000000000024ca       0x35 binaries/rfscontrol.o
 .ARM.attributes
                0x00000000000024ff       0x35 binaries/rfsgetmode.o
 .ARM.attributes
                0x0000000000002534       0x35 binaries/rfsinit.o
 .ARM.attributes
                0x0000000000002569       0x35 binaries/rfsndmsg.o
 .ARM.attributes
                0x000000000000259e       0x35 binaries/rfsopen.o
 .ARM.attributes
                0x00000000000025d3       0x35 binaries/arp.o
 .ARM.attributes
                0x0000000000002608       0x35 binaries/dhcp.o
 .ARM.attributes
                0x000000000000263d       0x35 binaries/dns.o
 .ARM.attributes
                0x0000000000002672       0x35 binaries/dot2ip.o
 .ARM.attributes
                0x00000000000026a7       0x35 binaries/hexdump.o
 .ARM.attributes
                0x00000000000026dc       0x35 binaries/icmp.o
 .ARM.attributes
                0x0000000000002711       0x35 binaries/ip.o
 .ARM.attributes
                0x0000000000002746       0x35 binaries/net.o
 .ARM.attributes
                0x000000000000277b       0x35 binaries/netstart.o
 .ARM.attributes
                0x00000000000027b0       0x35 binaries/pdump.o
 .ARM.attributes
                0x00000000000027e5       0x35 binaries/tftp.o
 .ARM.attributes
                0x000000000000281a       0x35 binaries/udp.o
 .ARM.attributes
                0x000000000000284f       0x35 binaries/addargs.o
 .ARM.attributes
                0x0000000000002884       0x35 binaries/lexan.o
 .ARM.attributes
                0x00000000000028b9       0x35 binaries/shell.o
 .ARM.attributes
                0x00000000000028ee       0x35 binaries/xsh_argecho.o
 .ARM.attributes
                0x0000000000002923       0x35 binaries/xsh_arp.o
 .ARM.attributes
                0x0000000000002958       0x35 binaries/xsh_cat.o
 .ARM.attributes
                0x000000000000298d       0x35 binaries/xsh_clear.o
 .ARM.attributes
                0x00000000000029c2       0x35 binaries/xsh_date.o
 .ARM.attributes
                0x00000000000029f7       0x35 binaries/xsh_devdump.o
 .ARM.attributes
                0x0000000000002a2c       0x35 binaries/xsh_echo.o
 .ARM.attributes
                0x0000000000002a61       0x35 binaries/xsh_exit.o
 .ARM.attributes
                0x0000000000002a96       0x35 binaries/xsh_hello.o
 .ARM.attributes
                0x0000000000002acb       0x35 binaries/xsh_help.o
 .ARM.attributes
                0x0000000000002b00       0x35 binaries/xsh_ipaddr.o
 .ARM.attributes
                0x0000000000002b35       0x35 binaries/xsh_kill.o
 .ARM.attributes
                0x0000000000002b6a       0x35 binaries/xsh_led.o
 .ARM.attributes
                0x0000000000002b9f       0x35 binaries/xsh_memdump.o
 .ARM.attributes
                0x0000000000002bd4       0x35 binaries/xsh_memstat.o
 .ARM.attributes
                0x0000000000002c09       0x35 binaries/xsh_ping.o
 .ARM.attributes
                0x0000000000002c3e       0x35 binaries/xsh_prodcons.o
 .ARM.attributes
                0x0000000000002c73       0x35 binaries/xsh_ps.o
 .ARM.attributes
                0x0000000000002ca8       0x35 binaries/xsh_reset.o
 .ARM.attributes
                0x0000000000002cdd       0x35 binaries/xsh_sleep.o
 .ARM.attributes
                0x0000000000002d12       0x35 binaries/xsh_udpdump.o
 .ARM.attributes
                0x0000000000002d47       0x35 binaries/xsh_udpecho.o
 .ARM.attributes
                0x0000000000002d7c       0x35 binaries/xsh_udpeserver.o
 .ARM.attributes
                0x0000000000002db1       0x35 binaries/xsh_uptime.o
 .ARM.attributes
                0x0000000000002de6       0x35 binaries/future_cons.o
 .ARM.attributes
                0x0000000000002e1b       0x35 binaries/future_prod.o
 .ARM.attributes
                0x0000000000002e50       0x25 binaries/ctxsw.o
 .ARM.attributes
                0x0000000000002e75       0x25 binaries/intr.o
 .ARM.attributes
                0x0000000000002e9a       0x18 /usr/lib/gcc/arm-none-eabi/4.9.3/libgcc.a(_udivsi3.o)
 .ARM.attributes
                0x0000000000002eb2       0x18 /usr/lib/gcc/arm-none-eabi/4.9.3/libgcc.a(_divsi3.o)
 .ARM.attributes
                0x0000000000002eca       0x18 /usr/lib/gcc/arm-none-eabi/4.9.3/libgcc.a(_dvmd_tls.o)

.comment        0x0000000000000000       0x70
 .comment       0x0000000000000000       0x70 binaries/ascdate.o
                                         0x71 (size before relaxing)
 .comment       0x0000000000000000       0x71 binaries/bufinit.o
 .comment       0x0000000000000000       0x71 binaries/chprio.o
 .comment       0x0000000000000000       0x71 binaries/clkhandler.o
 .comment       0x0000000000000000       0x71 binaries/clkinit.o
 .comment       0x0000000000000000       0x71 binaries/close.o
 .comment       0x0000000000000000       0x71 binaries/conf.o
 .comment       0x0000000000000000       0x71 binaries/control.o
 .comment       0x0000000000000000       0x71 binaries/create.o
 .comment       0x0000000000000000       0x71 binaries/evec.o
 .comment       0x0000000000000000       0x71 binaries/exit.o
 .comment       0x0000000000000000       0x71 binaries/freebuf.o
 .comment       0x0000000000000000       0x71 binaries/freemem.o
 .comment       0x0000000000000000       0x71 binaries/future_alloc.o
 .comment       0x0000000000000000       0x71 binaries/future_free.o
 .comment       0x0000000000000000       0x71 binaries/future_get.o
 .comment       0x0000000000000000       0x71 binaries/future_set.o
 .comment       0x0000000000000000       0x71 binaries/getbuf.o
 .comment       0x0000000000000000       0x71 binaries/getc.o
 .comment       0x0000000000000000       0x71 binaries/getdev.o
 .comment       0x0000000000000000       0x71 binaries/getitem.o
 .comment       0x0000000000000000       0x71 binaries/getmem.o
 .comment       0x0000000000000000       0x71 binaries/getpid.o
 .comment       0x0000000000000000       0x71 binaries/getprio.o
 .comment       0x0000000000000000       0x71 binaries/getstk.o
 .comment       0x0000000000000000       0x71 binaries/gettime.o
 .comment       0x0000000000000000       0x71 binaries/getutime.o
 .comment       0x0000000000000000       0x71 binaries/init.o
 .comment       0x0000000000000000       0x71 binaries/initialize.o
 .comment       0x0000000000000000       0x71 binaries/insert.o
 .comment       0x0000000000000000       0x71 binaries/insertd.o
 .comment       0x0000000000000000       0x71 binaries/ioerr.o
 .comment       0x0000000000000000       0x71 binaries/ionull.o
 .comment       0x0000000000000000       0x71 binaries/kill.o
 .comment       0x0000000000000000       0x71 binaries/kprintf.o
 .comment       0x0000000000000000       0x71 binaries/main.o
 .comment       0x0000000000000000       0x71 binaries/mark.o
 .comment       0x0000000000000000       0x71 binaries/meminit.o
 .comment       0x0000000000000000       0x71 binaries/mkbufpool.o
 .comment       0x0000000000000000       0x71 binaries/newqueue.o
 .comment       0x0000000000000000       0x71 binaries/open.o
 .comment       0x0000000000000000       0x71 binaries/panic.o
 .comment       0x0000000000000000       0x71 binaries/platinit.o
 .comment       0x0000000000000000       0x71 binaries/ptclear.o
 .comment       0x0000000000000000       0x71 binaries/ptcount.o
 .comment       0x0000000000000000       0x71 binaries/ptcreate.o
 .comment       0x0000000000000000       0x71 binaries/ptdelete.o
 .comment       0x0000000000000000       0x71 binaries/ptinit.o
 .comment       0x0000000000000000       0x71 binaries/ptrecv.o
 .comment       0x0000000000000000       0x71 binaries/ptreset.o
 .comment       0x0000000000000000       0x71 binaries/ptsend.o
 .comment       0x0000000000000000       0x71 binaries/putc.o
 .comment       0x0000000000000000       0x71 binaries/queue.o
 .comment       0x0000000000000000       0x71 binaries/read.o
 .comment       0x0000000000000000       0x71 binaries/ready.o
 .comment       0x0000000000000000       0x71 binaries/receive.o
 .comment       0x0000000000000000       0x71 binaries/recvclr.o
 .comment       0x0000000000000000       0x71 binaries/recvtime.o
 .comment       0x0000000000000000       0x71 binaries/resched.o
 .comment       0x0000000000000000       0x71 binaries/resume.o
 .comment       0x0000000000000000       0x71 binaries/seek.o
 .comment       0x0000000000000000       0x71 binaries/semcount.o
 .comment       0x0000000000000000       0x71 binaries/semcreate.o
 .comment       0x0000000000000000       0x71 binaries/semdelete.o
 .comment       0x0000000000000000       0x71 binaries/semreset.o
 .comment       0x0000000000000000       0x71 binaries/send.o
 .comment       0x0000000000000000       0x71 binaries/signal.o
 .comment       0x0000000000000000       0x71 binaries/signaln.o
 .comment       0x0000000000000000       0x71 binaries/sleep.o
 .comment       0x0000000000000000       0x71 binaries/suspend.o
 .comment       0x0000000000000000       0x71 binaries/unsleep.o
 .comment       0x0000000000000000       0x71 binaries/userret.o
 .comment       0x0000000000000000       0x71 binaries/wait.o
 .comment       0x0000000000000000       0x71 binaries/wakeup.o
 .comment       0x0000000000000000       0x71 binaries/write.o
 .comment       0x0000000000000000       0x71 binaries/xdone.o
 .comment       0x0000000000000000       0x71 binaries/yield.o
 .comment       0x0000000000000000       0x71 binaries/abs.o
 .comment       0x0000000000000000       0x71 binaries/atoi.o
 .comment       0x0000000000000000       0x71 binaries/atol.o
 .comment       0x0000000000000000       0x71 binaries/bzero.o
 .comment       0x0000000000000000       0x71 binaries/ctype_.o
 .comment       0x0000000000000000       0x71 binaries/doprnt.o
 .comment       0x0000000000000000       0x71 binaries/doscan.o
 .comment       0x0000000000000000       0x71 binaries/fdoprnt.o
 .comment       0x0000000000000000       0x71 binaries/fgetc.o
 .comment       0x0000000000000000       0x71 binaries/fgets.o
 .comment       0x0000000000000000       0x71 binaries/fprintf.o
 .comment       0x0000000000000000       0x71 binaries/fputc.o
 .comment       0x0000000000000000       0x71 binaries/fputs.o
 .comment       0x0000000000000000       0x71 binaries/fscanf.o
 .comment       0x0000000000000000       0x71 binaries/getchar.o
 .comment       0x0000000000000000       0x71 binaries/labs.o
 .comment       0x0000000000000000       0x71 binaries/memchr.o
 .comment       0x0000000000000000       0x71 binaries/memcmp.o
 .comment       0x0000000000000000       0x71 binaries/memcpy.o
 .comment       0x0000000000000000       0x71 binaries/memset.o
 .comment       0x0000000000000000       0x71 binaries/printf.o
 .comment       0x0000000000000000       0x71 binaries/putchar.o
 .comment       0x0000000000000000       0x71 binaries/qsort.o
 .comment       0x0000000000000000       0x71 binaries/rand.o
 .comment       0x0000000000000000       0x71 binaries/sprintf.o
 .comment       0x0000000000000000       0x71 binaries/sscanf.o
 .comment       0x0000000000000000       0x71 binaries/strchr.o
 .comment       0x0000000000000000       0x71 binaries/strcmp.o
 .comment       0x0000000000000000       0x71 binaries/strcpy.o
 .comment       0x0000000000000000       0x71 binaries/strlen.o
 .comment       0x0000000000000000       0x71 binaries/strncat.o
 .comment       0x0000000000000000       0x71 binaries/strncmp.o
 .comment       0x0000000000000000       0x71 binaries/strncpy.o
 .comment       0x0000000000000000       0x71 binaries/strnlen.o
 .comment       0x0000000000000000       0x71 binaries/strrchr.o
 .comment       0x0000000000000000       0x71 binaries/strstr.o
 .comment       0x0000000000000000       0x71 binaries/ttycontrol.o
 .comment       0x0000000000000000       0x71 binaries/ttygetc.o
 .comment       0x0000000000000000       0x71 binaries/ttyhandle_in.o
 .comment       0x0000000000000000       0x71 binaries/ttyhandle_out.o
 .comment       0x0000000000000000       0x71 binaries/ttyhandler.o
 .comment       0x0000000000000000       0x71 binaries/ttyinit.o
 .comment       0x0000000000000000       0x71 binaries/ttykickout.o
 .comment       0x0000000000000000       0x71 binaries/ttyputc.o
 .comment       0x0000000000000000       0x71 binaries/ttyread.o
 .comment       0x0000000000000000       0x71 binaries/ttywrite.o
 .comment       0x0000000000000000       0x71 binaries/mount.o
 .comment       0x0000000000000000       0x71 binaries/naminit.o
 .comment       0x0000000000000000       0x71 binaries/nammap.o
 .comment       0x0000000000000000       0x71 binaries/namopen.o
 .comment       0x0000000000000000       0x71 binaries/colon2mac.o
 .comment       0x0000000000000000       0x71 binaries/ethcontrol.o
 .comment       0x0000000000000000       0x71 binaries/ethhandler.o
 .comment       0x0000000000000000       0x71 binaries/ethinit.o
 .comment       0x0000000000000000       0x71 binaries/ethread.o
 .comment       0x0000000000000000       0x71 binaries/ethwrite.o
 .comment       0x0000000000000000       0x71 binaries/rdsbufalloc.o
 .comment       0x0000000000000000       0x71 binaries/rdsclose.o
 .comment       0x0000000000000000       0x71 binaries/rdscomm.o
 .comment       0x0000000000000000       0x71 binaries/rdscontrol.o
 .comment       0x0000000000000000       0x71 binaries/rdsinit.o
 .comment       0x0000000000000000       0x71 binaries/rdsopen.o
 .comment       0x0000000000000000       0x71 binaries/rdsprocess.o
 .comment       0x0000000000000000       0x71 binaries/rdsread.o
 .comment       0x0000000000000000       0x71 binaries/rdswrite.o
 .comment       0x0000000000000000       0x71 binaries/ramclose.o
 .comment       0x0000000000000000       0x71 binaries/raminit.o
 .comment       0x0000000000000000       0x71 binaries/ramopen.o
 .comment       0x0000000000000000       0x71 binaries/ramread.o
 .comment       0x0000000000000000       0x71 binaries/ramwrite.o
 .comment       0x0000000000000000       0x71 binaries/lfdballoc.o
 .comment       0x0000000000000000       0x71 binaries/lfdbfree.o
 .comment       0x0000000000000000       0x71 binaries/lfflush.o
 .comment       0x0000000000000000       0x71 binaries/lfgetmode.o
 .comment       0x0000000000000000       0x71 binaries/lfiballoc.o
 .comment       0x0000000000000000       0x71 binaries/lfibclear.o
 .comment       0x0000000000000000       0x71 binaries/lfibget.o
 .comment       0x0000000000000000       0x71 binaries/lfibput.o
 .comment       0x0000000000000000       0x71 binaries/lflclose.o
 .comment       0x0000000000000000       0x71 binaries/lflcontrol.o
 .comment       0x0000000000000000       0x71 binaries/lflgetc.o
 .comment       0x0000000000000000       0x71 binaries/lflinit.o
 .comment       0x0000000000000000       0x71 binaries/lflputc.o
 .comment       0x0000000000000000       0x71 binaries/lflread.o
 .comment       0x0000000000000000       0x71 binaries/lflseek.o
 .comment       0x0000000000000000       0x71 binaries/lflwrite.o
 .comment       0x0000000000000000       0x71 binaries/lfsckfmt.o
 .comment       0x0000000000000000       0x71 binaries/lfscreate.o
 .comment       0x0000000000000000       0x71 binaries/lfsetup.o
 .comment       0x0000000000000000       0x71 binaries/lfsinit.o
 .comment       0x0000000000000000       0x71 binaries/lfsopen.o
 .comment       0x0000000000000000       0x71 binaries/lftruncate.o
 .comment       0x0000000000000000       0x71 binaries/rflclose.o
 .comment       0x0000000000000000       0x71 binaries/rflgetc.o
 .comment       0x0000000000000000       0x71 binaries/rflinit.o
 .comment       0x0000000000000000       0x71 binaries/rflputc.o
 .comment       0x0000000000000000       0x71 binaries/rflread.o
 .comment       0x0000000000000000       0x71 binaries/rflseek.o
 .comment       0x0000000000000000       0x71 binaries/rflwrite.o
 .comment       0x0000000000000000       0x71 binaries/rfscomm.o
 .comment       0x0000000000000000       0x71 binaries/rfscontrol.o
 .comment       0x0000000000000000       0x71 binaries/rfsgetmode.o
 .comment       0x0000000000000000       0x71 binaries/rfsinit.o
 .comment       0x0000000000000000       0x71 binaries/rfsndmsg.o
 .comment       0x0000000000000000       0x71 binaries/rfsopen.o
 .comment       0x0000000000000000       0x71 binaries/arp.o
 .comment       0x0000000000000000       0x71 binaries/dhcp.o
 .comment       0x0000000000000000       0x71 binaries/dns.o
 .comment       0x0000000000000000       0x71 binaries/dot2ip.o
 .comment       0x0000000000000000       0x71 binaries/hexdump.o
 .comment       0x0000000000000000       0x71 binaries/icmp.o
 .comment       0x0000000000000000       0x71 binaries/ip.o
 .comment       0x0000000000000000       0x71 binaries/net.o
 .comment       0x0000000000000000       0x71 binaries/netstart.o
 .comment       0x0000000000000000       0x71 binaries/pdump.o
 .comment       0x0000000000000000       0x71 binaries/tftp.o
 .comment       0x0000000000000000       0x71 binaries/udp.o
 .comment       0x0000000000000000       0x71 binaries/addargs.o
 .comment       0x0000000000000000       0x71 binaries/lexan.o
 .comment       0x0000000000000000       0x71 binaries/shell.o
 .comment       0x0000000000000000       0x71 binaries/xsh_argecho.o
 .comment       0x0000000000000000       0x71 binaries/xsh_arp.o
 .comment       0x0000000000000000       0x71 binaries/xsh_cat.o
 .comment       0x0000000000000000       0x71 binaries/xsh_clear.o
 .comment       0x0000000000000000       0x71 binaries/xsh_date.o
 .comment       0x0000000000000000       0x71 binaries/xsh_devdump.o
 .comment       0x0000000000000000       0x71 binaries/xsh_echo.o
 .comment       0x0000000000000000       0x71 binaries/xsh_exit.o
 .comment       0x0000000000000000       0x71 binaries/xsh_hello.o
 .comment       0x0000000000000000       0x71 binaries/xsh_help.o
 .comment       0x0000000000000000       0x71 binaries/xsh_ipaddr.o
 .comment       0x0000000000000000       0x71 binaries/xsh_kill.o
 .comment       0x0000000000000000       0x71 binaries/xsh_led.o
 .comment       0x0000000000000000       0x71 binaries/xsh_memdump.o
 .comment       0x0000000000000000       0x71 binaries/xsh_memstat.o
 .comment       0x0000000000000000       0x71 binaries/xsh_ping.o
 .comment       0x0000000000000000       0x71 binaries/xsh_prodcons.o
 .comment       0x0000000000000000       0x71 binaries/xsh_ps.o
 .comment       0x0000000000000000       0x71 binaries/xsh_reset.o
 .comment       0x0000000000000000       0x71 binaries/xsh_sleep.o
 .comment       0x0000000000000000       0x71 binaries/xsh_udpdump.o
 .comment       0x0000000000000000       0x71 binaries/xsh_udpecho.o
 .comment       0x0000000000000000       0x71 binaries/xsh_udpeserver.o
 .comment       0x0000000000000000       0x71 binaries/xsh_uptime.o
 .comment       0x0000000000000000       0x71 binaries/future_cons.o
 .comment       0x0000000000000000       0x71 binaries/future_prod.o

.debug_frame    0x0000000000000000       0x40
 .debug_frame   0x0000000000000000       0x20 /usr/lib/gcc/arm-none-eabi/4.9.3/libgcc.a(_udivsi3.o)
 .debug_frame   0x0000000000000020       0x20 /usr/lib/gcc/arm-none-eabi/4.9.3/libgcc.a(_divsi3.o)
